Archive member included to satisfy reference by file (symbol)

c:/st/stm32cubeide_1.7.0/stm32cubeide/plugins/com.st.stm32cube.ide.mcu.externaltools.gnu-tools-for-stm32.9-2020-q2-update.win32_2.0.0.202105311346/tools/bin/../lib/gcc/arm-none-eabi/9.3.1/../../../../arm-none-eabi/lib/thumb/v7-m/nofp\libc_nano.a(lib_a-errno.o)
                              ./Core/Src/syscalls.o (__errno)
c:/st/stm32cubeide_1.7.0/stm32cubeide/plugins/com.st.stm32cube.ide.mcu.externaltools.gnu-tools-for-stm32.9-2020-q2-update.win32_2.0.0.202105311346/tools/bin/../lib/gcc/arm-none-eabi/9.3.1/../../../../arm-none-eabi/lib/thumb/v7-m/nofp\libc_nano.a(lib_a-exit.o)
                              c:/st/stm32cubeide_1.7.0/stm32cubeide/plugins/com.st.stm32cube.ide.mcu.externaltools.gnu-tools-for-stm32.9-2020-q2-update.win32_2.0.0.202105311346/tools/bin/../lib/gcc/arm-none-eabi/9.3.1/../../../../arm-none-eabi/lib/thumb/v7-m/nofp/crt0.o (exit)
c:/st/stm32cubeide_1.7.0/stm32cubeide/plugins/com.st.stm32cube.ide.mcu.externaltools.gnu-tools-for-stm32.9-2020-q2-update.win32_2.0.0.202105311346/tools/bin/../lib/gcc/arm-none-eabi/9.3.1/../../../../arm-none-eabi/lib/thumb/v7-m/nofp\libc_nano.a(lib_a-impure.o)
                              c:/st/stm32cubeide_1.7.0/stm32cubeide/plugins/com.st.stm32cube.ide.mcu.externaltools.gnu-tools-for-stm32.9-2020-q2-update.win32_2.0.0.202105311346/tools/bin/../lib/gcc/arm-none-eabi/9.3.1/../../../../arm-none-eabi/lib/thumb/v7-m/nofp\libc_nano.a(lib_a-exit.o) (_global_impure_ptr)
c:/st/stm32cubeide_1.7.0/stm32cubeide/plugins/com.st.stm32cube.ide.mcu.externaltools.gnu-tools-for-stm32.9-2020-q2-update.win32_2.0.0.202105311346/tools/bin/../lib/gcc/arm-none-eabi/9.3.1/../../../../arm-none-eabi/lib/thumb/v7-m/nofp\libc_nano.a(lib_a-init.o)
                              c:/st/stm32cubeide_1.7.0/stm32cubeide/plugins/com.st.stm32cube.ide.mcu.externaltools.gnu-tools-for-stm32.9-2020-q2-update.win32_2.0.0.202105311346/tools/bin/../lib/gcc/arm-none-eabi/9.3.1/../../../../arm-none-eabi/lib/thumb/v7-m/nofp/crt0.o (__libc_init_array)
c:/st/stm32cubeide_1.7.0/stm32cubeide/plugins/com.st.stm32cube.ide.mcu.externaltools.gnu-tools-for-stm32.9-2020-q2-update.win32_2.0.0.202105311346/tools/bin/../lib/gcc/arm-none-eabi/9.3.1/../../../../arm-none-eabi/lib/thumb/v7-m/nofp\libc_nano.a(lib_a-memset.o)
                              c:/st/stm32cubeide_1.7.0/stm32cubeide/plugins/com.st.stm32cube.ide.mcu.externaltools.gnu-tools-for-stm32.9-2020-q2-update.win32_2.0.0.202105311346/tools/bin/../lib/gcc/arm-none-eabi/9.3.1/../../../../arm-none-eabi/lib/thumb/v7-m/nofp/crt0.o (memset)

Allocating common symbols
Common symbol       size              file

uwTick              0x4               ./Drivers/STM32F1xx_HAL_Driver/Src/stm32f1xx_hal.o
pFlash              0x20              ./Drivers/STM32F1xx_HAL_Driver/Src/stm32f1xx_hal_flash.o
uartRXData          0xa               ./Core/Src/main.o
hdma_usart1_tx      0x44              ./Core/Src/main.o
hadc1               0x30              ./Core/Src/main.o
hdma_usart1_rx      0x44              ./Core/Src/main.o
huart1              0x44              ./Core/Src/main.o
adc_struct          0x20              ./Core/Src/main.o
hdma_adc1           0x44              ./Core/Src/main.o

Discarded input sections

 .text          0x0000000000000000        0x0 c:/st/stm32cubeide_1.7.0/stm32cubeide/plugins/com.st.stm32cube.ide.mcu.externaltools.gnu-tools-for-stm32.9-2020-q2-update.win32_2.0.0.202105311346/tools/bin/../lib/gcc/arm-none-eabi/9.3.1/thumb/v7-m/nofp/crti.o
 .data          0x0000000000000000        0x0 c:/st/stm32cubeide_1.7.0/stm32cubeide/plugins/com.st.stm32cube.ide.mcu.externaltools.gnu-tools-for-stm32.9-2020-q2-update.win32_2.0.0.202105311346/tools/bin/../lib/gcc/arm-none-eabi/9.3.1/thumb/v7-m/nofp/crti.o
 .bss           0x0000000000000000        0x0 c:/st/stm32cubeide_1.7.0/stm32cubeide/plugins/com.st.stm32cube.ide.mcu.externaltools.gnu-tools-for-stm32.9-2020-q2-update.win32_2.0.0.202105311346/tools/bin/../lib/gcc/arm-none-eabi/9.3.1/thumb/v7-m/nofp/crti.o
 .data          0x0000000000000000        0x4 c:/st/stm32cubeide_1.7.0/stm32cubeide/plugins/com.st.stm32cube.ide.mcu.externaltools.gnu-tools-for-stm32.9-2020-q2-update.win32_2.0.0.202105311346/tools/bin/../lib/gcc/arm-none-eabi/9.3.1/thumb/v7-m/nofp/crtbegin.o
 .text          0x0000000000000000       0x7c c:/st/stm32cubeide_1.7.0/stm32cubeide/plugins/com.st.stm32cube.ide.mcu.externaltools.gnu-tools-for-stm32.9-2020-q2-update.win32_2.0.0.202105311346/tools/bin/../lib/gcc/arm-none-eabi/9.3.1/../../../../arm-none-eabi/lib/thumb/v7-m/nofp/crt0.o
 .data          0x0000000000000000        0x0 c:/st/stm32cubeide_1.7.0/stm32cubeide/plugins/com.st.stm32cube.ide.mcu.externaltools.gnu-tools-for-stm32.9-2020-q2-update.win32_2.0.0.202105311346/tools/bin/../lib/gcc/arm-none-eabi/9.3.1/../../../../arm-none-eabi/lib/thumb/v7-m/nofp/crt0.o
[...]
Memory Configuration

Name             Origin             Length             Attributes
RAM              0x0000000020000000 0x0000000000005000 xrw
FLASH            0x0000000008000000 0x0000000000010000 xr
*default*        0x0000000000000000 0xffffffffffffffff

Linker script and memory map

LOAD c:/st/stm32cubeide_1.7.0/stm32cubeide/plugins/com.st.stm32cube.ide.mcu.externaltools.gnu-tools-for-stm32.9-2020-q2-update.win32_2.0.0.202105311346/tools/bin/../lib/gcc/arm-none-eabi/9.3.1/thumb/v7-m/nofp/crti.o
LOAD c:/st/stm32cubeide_1.7.0/stm32cubeide/plugins/com.st.stm32cube.ide.mcu.externaltools.gnu-tools-for-stm32.9-2020-q2-update.win32_2.0.0.202105311346/tools/bin/../lib/gcc/arm-none-eabi/9.3.1/thumb/v7-m/nofp/crtbegin.o
LOAD c:/st/stm32cubeide_1.7.0/stm32cubeide/plugins/com.st.stm32cube.ide.mcu.externaltools.gnu-tools-for-stm32.9-2020-q2-update.win32_2.0.0.202105311346/tools/bin/../lib/gcc/arm-none-eabi/9.3.1/../../../../arm-none-eabi/lib/thumb/v7-m/nofp/crt0.o
LOAD ./Core/Src/adc.o
LOAD ./Core/Src/main.o
LOAD ./Core/Src/stm32f1xx_hal_msp.o
LOAD ./Core/Src/stm32f1xx_it.o
LOAD ./Core/Src/syscalls.o
LOAD ./Core/Src/sysmem.o
LOAD ./Core/Src/system_stm32f1xx.o
LOAD ./Core/Src/usart.o
LOAD ./Core/Startup/startup_stm32f103r8tx.o
LOAD ./Drivers/STM32F1xx_HAL_Driver/Src/stm32f1xx_hal.o
LOAD ./Drivers/STM32F1xx_HAL_Driver/Src/stm32f1xx_hal_adc.o
LOAD ./Drivers/STM32F1xx_HAL_Driver/Src/stm32f1xx_hal_adc_ex.o
LOAD ./Drivers/STM32F1xx_HAL_Driver/Src/stm32f1xx_hal_cortex.o
LOAD ./Drivers/STM32F1xx_HAL_Driver/Src/stm32f1xx_hal_dma.o
LOAD ./Drivers/STM32F1xx_HAL_Driver/Src/stm32f1xx_hal_exti.o
LOAD ./Drivers/STM32F1xx_HAL_Driver/Src/stm32f1xx_hal_flash.o
LOAD ./Drivers/STM32F1xx_HAL_Driver/Src/stm32f1xx_hal_flash_ex.o
LOAD ./Drivers/STM32F1xx_HAL_Driver/Src/stm32f1xx_hal_gpio.o
LOAD ./Drivers/STM32F1xx_HAL_Driver/Src/stm32f1xx_hal_gpio_ex.o
LOAD ./Drivers/STM32F1xx_HAL_Driver/Src/stm32f1xx_hal_pwr.o
LOAD ./Drivers/STM32F1xx_HAL_Driver/Src/stm32f1xx_hal_rcc.o
LOAD ./Drivers/STM32F1xx_HAL_Driver/Src/stm32f1xx_hal_rcc_ex.o
LOAD ./Drivers/STM32F1xx_HAL_Driver/Src/stm32f1xx_hal_tim.o
LOAD ./Drivers/STM32F1xx_HAL_Driver/Src/stm32f1xx_hal_tim_ex.o
LOAD ./Drivers/STM32F1xx_HAL_Driver/Src/stm32f1xx_hal_uart.o
START GROUP
LOAD c:/st/stm32cubeide_1.7.0/stm32cubeide/plugins/com.st.stm32cube.ide.mcu.externaltools.gnu-tools-for-stm32.9-2020-q2-update.win32_2.0.0.202105311346/tools/bin/../lib/gcc/arm-none-eabi/9.3.1/../../../../arm-none-eabi/lib/thumb/v7-m/nofp\libc_nano.a
LOAD c:/st/stm32cubeide_1.7.0/stm32cubeide/plugins/com.st.stm32cube.ide.mcu.externaltools.gnu-tools-for-stm32.9-2020-q2-update.win32_2.0.0.202105311346/tools/bin/../lib/gcc/arm-none-eabi/9.3.1/../../../../arm-none-eabi/lib/thumb/v7-m/nofp\libm.a
END GROUP
START GROUP
LOAD c:/st/stm32cubeide_1.7.0/stm32cubeide/plugins/com.st.stm32cube.ide.mcu.externaltools.gnu-tools-for-stm32.9-2020-q2-update.win32_2.0.0.202105311346/tools/bin/../lib/gcc/arm-none-eabi/9.3.1/thumb/v7-m/nofp\libgcc.a
LOAD c:/st/stm32cubeide_1.7.0/stm32cubeide/plugins/com.st.stm32cube.ide.mcu.externaltools.gnu-tools-for-stm32.9-2020-q2-update.win32_2.0.0.202105311346/tools/bin/../lib/gcc/arm-none-eabi/9.3.1/../../../../arm-none-eabi/lib/thumb/v7-m/nofp\libc_nano.a
END GROUP
START GROUP
LOAD c:/st/stm32cubeide_1.7.0/stm32cubeide/plugins/com.st.stm32cube.ide.mcu.externaltools.gnu-tools-for-stm32.9-2020-q2-update.win32_2.0.0.202105311346/tools/bin/../lib/gcc/arm-none-eabi/9.3.1/thumb/v7-m/nofp\libgcc.a
LOAD c:/st/stm32cubeide_1.7.0/stm32cubeide/plugins/com.st.stm32cube.ide.mcu.externaltools.gnu-tools-for-stm32.9-2020-q2-update.win32_2.0.0.202105311346/tools/bin/../lib/gcc/arm-none-eabi/9.3.1/../../../../arm-none-eabi/lib/thumb/v7-m/nofp\libc_nano.a
LOAD c:/st/stm32cubeide_1.7.0/stm32cubeide/plugins/com.st.stm32cube.ide.mcu.externaltools.gnu-tools-for-stm32.9-2020-q2-update.win32_2.0.0.202105311346/tools/bin/../lib/gcc/arm-none-eabi/9.3.1/../../../../arm-none-eabi/lib/thumb/v7-m/nofp\libnosys.a
END GROUP
START GROUP
LOAD c:/st/stm32cubeide_1.7.0/stm32cubeide/plugins/com.st.stm32cube.ide.mcu.externaltools.gnu-tools-for-stm32.9-2020-q2-update.win32_2.0.0.202105311346/tools/bin/../lib/gcc/arm-none-eabi/9.3.1/thumb/v7-m/nofp\libgcc.a
LOAD c:/st/stm32cubeide_1.7.0/stm32cubeide/plugins/com.st.stm32cube.ide.mcu.externaltools.gnu-tools-for-stm32.9-2020-q2-update.win32_2.0.0.202105311346/tools/bin/../lib/gcc/arm-none-eabi/9.3.1/../../../../arm-none-eabi/lib/thumb/v7-m/nofp\libc_nano.a
LOAD c:/st/stm32cubeide_1.7.0/stm32cubeide/plugins/com.st.stm32cube.ide.mcu.externaltools.gnu-tools-for-stm32.9-2020-q2-update.win32_2.0.0.202105311346/tools/bin/../lib/gcc/arm-none-eabi/9.3.1/../../../../arm-none-eabi/lib/thumb/v7-m/nofp\libnosys.a
END GROUP
LOAD c:/st/stm32cubeide_1.7.0/stm32cubeide/plugins/com.st.stm32cube.ide.mcu.externaltools.gnu-tools-for-stm32.9-2020-q2-update.win32_2.0.0.202105311346/tools/bin/../lib/gcc/arm-none-eabi/9.3.1/thumb/v7-m/nofp/crtend.o
LOAD c:/st/stm32cubeide_1.7.0/stm32cubeide/plugins/com.st.stm32cube.ide.mcu.externaltools.gnu-tools-for-stm32.9-2020-q2-update.win32_2.0.0.202105311346/tools/bin/../lib/gcc/arm-none-eabi/9.3.1/thumb/v7-m/nofp/crtn.o
                0x0000000020005000                _estack = (ORIGIN (RAM) + LENGTH (RAM))
                0x0000000000000200                _Min_Heap_Size = 0x200
                0x0000000000000400                _Min_Stack_Size = 0x400

.isr_vector     0x0000000008000000      0x10c
                0x0000000008000000                . = ALIGN (0x4)
 *(.isr_vector)
 .isr_vector    0x0000000008000000      0x10c ./Core/Startup/startup_stm32f103r8tx.o
                0x0000000008000000                g_pfnVectors
                0x000000000800010c                . = ALIGN (0x4)

.text           0x000000000800010c     0x3840
                0x000000000800010c                . = ALIGN (0x4)
 *(.text)
 .text          0x000000000800010c       0x40 c:/st/stm32cubeide_1.7.0/stm32cubeide/plugins/com.st.stm32cube.ide.mcu.externaltools.gnu-tools-for-stm32.9-2020-q2-update.win32_2.0.0.202105311346/tools/bin/../lib/gcc/arm-none-eabi/9.3.1/thumb/v7-m/nofp/crtbegin.o
 *(.text*)
 .text.ADC_Struct_update
                0x000000000800014c      0x248 ./Core/Src/adc.o
                0x000000000800014c                ADC_Struct_update
 .text.avg      0x0000000008000394       0x4c ./Core/Src/adc.o
                0x0000000008000394                avg
 .text.__NVIC_SetPriority
                0x00000000080003e0       0x54 ./Core/Src/main.o
 .text.SysTick_Config
                0x0000000008000434       0x44 ./Core/Src/main.o
 .text.main     0x0000000008000478      0x13c ./Core/Src/main.o
                0x0000000008000478                main
 .text.SystemClock_Config
                0x00000000080005b4       0xb6 ./Core/Src/main.o
                0x00000000080005b4                SystemClock_Config
 *fill*         0x000000000800066a        0x2 
 .text.MX_ADC1_Init
                0x000000000800066c       0x7c ./Core/Src/main.o
 .text.MX_USART1_UART_Init
                0x00000000080006e8       0x54 ./Core/Src/main.o
 .text.MX_DMA_Init
                0x000000000800073c       0x5c ./Core/Src/main.o
 .text.MX_GPIO_Init
                0x0000000008000798       0xcc ./Core/Src/main.o
 .text.HAL_ADC_ConvCpltCallback
                0x0000000008000864       0x30 ./Core/Src/main.o
                0x0000000008000864                HAL_ADC_ConvCpltCallback
 .text.HAL_UART_RxCpltCallback
                0x0000000008000894       0x2c ./Core/Src/main.o
                0x0000000008000894                HAL_UART_RxCpltCallback
 .text.HAL_UART_TxCpltCallback
                0x00000000080008c0       0x12 ./Core/Src/main.o
                0x00000000080008c0                HAL_UART_TxCpltCallback
 .text.Error_Handler
                0x00000000080008d2        0xa ./Core/Src/main.o
                0x00000000080008d2                Error_Handler
 .text.HAL_MspInit
                0x00000000080008dc       0x64 ./Core/Src/stm32f1xx_hal_msp.o
                0x00000000080008dc                HAL_MspInit
 .text.HAL_ADC_MspInit
                0x0000000008000940       0xd4 ./Core/Src/stm32f1xx_hal_msp.o
                0x0000000008000940                HAL_ADC_MspInit
 .text.HAL_UART_MspInit
                0x0000000008000a14      0x158 ./Core/Src/stm32f1xx_hal_msp.o
                0x0000000008000a14                HAL_UART_MspInit
 .text.NMI_Handler
                0x0000000008000b6c        0x6 ./Core/Src/stm32f1xx_it.o
                0x0000000008000b6c                NMI_Handler
 .text.HardFault_Handler
                0x0000000008000b72        0x6 ./Core/Src/stm32f1xx_it.o
                0x0000000008000b72                HardFault_Handler
 .text.MemManage_Handler
                0x0000000008000b78        0x6 ./Core/Src/stm32f1xx_it.o
                0x0000000008000b78                MemManage_Handler
 .text.BusFault_Handler
                0x0000000008000b7e        0x6 ./Core/Src/stm32f1xx_it.o
                0x0000000008000b7e                BusFault_Handler
 .text.UsageFault_Handler
                0x0000000008000b84        0x6 ./Core/Src/stm32f1xx_it.o
                0x0000000008000b84                UsageFault_Handler
 .text.SVC_Handler
                0x0000000008000b8a        0xc ./Core/Src/stm32f1xx_it.o
                0x0000000008000b8a                SVC_Handler
 .text.DebugMon_Handler
                0x0000000008000b96        0xc ./Core/Src/stm32f1xx_it.o
                0x0000000008000b96                DebugMon_Handler
 .text.PendSV_Handler
                0x0000000008000ba2        0xc ./Core/Src/stm32f1xx_it.o
                0x0000000008000ba2                PendSV_Handler
 *fill*         0x0000000008000bae        0x2 
 .text.SysTick_Handler
                0x0000000008000bb0       0x3c ./Core/Src/stm32f1xx_it.o
                0x0000000008000bb0                SysTick_Handler
 .text.DMA1_Channel1_IRQHandler
                0x0000000008000bec       0x14 ./Core/Src/stm32f1xx_it.o
                0x0000000008000bec                DMA1_Channel1_IRQHandler
 .text.DMA1_Channel4_IRQHandler
                0x0000000008000c00       0x14 ./Core/Src/stm32f1xx_it.o
                0x0000000008000c00                DMA1_Channel4_IRQHandler
 .text.DMA1_Channel5_IRQHandler
                0x0000000008000c14       0x14 ./Core/Src/stm32f1xx_it.o
                0x0000000008000c14                DMA1_Channel5_IRQHandler
 .text.USART1_IRQHandler
                0x0000000008000c28       0x14 ./Core/Src/stm32f1xx_it.o
                0x0000000008000c28                USART1_IRQHandler
 .text.SystemInit
                0x0000000008000c3c        0xc ./Core/Src/system_stm32f1xx.o
                0x0000000008000c3c                SystemInit
 .text.Usart_Tx_data
                0x0000000008000c48      0x29c ./Core/Src/usart.o
                0x0000000008000c48                Usart_Tx_data
 .text.Usart_Rx_cmd_data
                0x0000000008000ee4       0x60 ./Core/Src/usart.o
                0x0000000008000ee4                Usart_Rx_cmd_data
 .text.Reset_Handler
                0x0000000008000f44       0x48 ./Core/Startup/startup_stm32f103r8tx.o
                0x0000000008000f44                Reset_Handler
 .text.Default_Handler
                0x0000000008000f8c        0x2 ./Core/Startup/startup_stm32f103r8tx.o
                0x0000000008000f8c                RTC_Alarm_IRQHandler
                0x0000000008000f8c                EXTI2_IRQHandler
                0x0000000008000f8c                TIM1_CC_IRQHandler
                0x0000000008000f8c                PVD_IRQHandler
                0x0000000008000f8c                EXTI3_IRQHandler
                0x0000000008000f8c                EXTI0_IRQHandler
                0x0000000008000f8c                I2C2_EV_IRQHandler
                0x0000000008000f8c                ADC1_2_IRQHandler
                0x0000000008000f8c                SPI1_IRQHandler
                0x0000000008000f8c                TAMPER_IRQHandler
                0x0000000008000f8c                USART3_IRQHandler
                0x0000000008000f8c                RTC_IRQHandler
                0x0000000008000f8c                DMA1_Channel7_IRQHandler
                0x0000000008000f8c                CAN1_RX1_IRQHandler
                0x0000000008000f8c                TIM4_IRQHandler
                0x0000000008000f8c                I2C1_EV_IRQHandler
                0x0000000008000f8c                DMA1_Channel6_IRQHandler
                0x0000000008000f8c                TIM3_IRQHandler
                0x0000000008000f8c                RCC_IRQHandler
                0x0000000008000f8c                TIM1_TRG_COM_IRQHandler
                0x0000000008000f8c                Default_Handler
                0x0000000008000f8c                EXTI15_10_IRQHandler
                0x0000000008000f8c                EXTI9_5_IRQHandler
                0x0000000008000f8c                SPI2_IRQHandler
                0x0000000008000f8c                EXTI4_IRQHandler
                0x0000000008000f8c                USB_LP_CAN1_RX0_IRQHandler
                0x0000000008000f8c                USB_HP_CAN1_TX_IRQHandler
                0x0000000008000f8c                DMA1_Channel3_IRQHandler
                0x0000000008000f8c                TIM1_UP_IRQHandler
                0x0000000008000f8c                WWDG_IRQHandler
                0x0000000008000f8c                TIM2_IRQHandler
                0x0000000008000f8c                TIM1_BRK_IRQHandler
                0x0000000008000f8c                EXTI1_IRQHandler
                0x0000000008000f8c                USART2_IRQHandler
                0x0000000008000f8c                I2C2_ER_IRQHandler
                0x0000000008000f8c                DMA1_Channel2_IRQHandler
                0x0000000008000f8c                CAN1_SCE_IRQHandler
                0x0000000008000f8c                FLASH_IRQHandler
                0x0000000008000f8c                I2C1_ER_IRQHandler
                0x0000000008000f8c                USBWakeUp_IRQHandler
 *fill*         0x0000000008000f8e        0x2 
 .text.HAL_Init
                0x0000000008000f90       0x2c ./Drivers/STM32F1xx_HAL_Driver/Src/stm32f1xx_hal.o
                0x0000000008000f90                HAL_Init
 .text.HAL_InitTick
                0x0000000008000fbc       0x60 ./Drivers/STM32F1xx_HAL_Driver/Src/stm32f1xx_hal.o
                0x0000000008000fbc                HAL_InitTick
 .text.HAL_IncTick
                0x000000000800101c       0x24 ./Drivers/STM32F1xx_HAL_Driver/Src/stm32f1xx_hal.o
                0x000000000800101c                HAL_IncTick
 .text.HAL_GetTick
                0x0000000008001040       0x14 ./Drivers/STM32F1xx_HAL_Driver/Src/stm32f1xx_hal.o
                0x0000000008001040                HAL_GetTick
 .text.HAL_ADC_Init
                0x0000000008001054      0x1b0 ./Drivers/STM32F1xx_HAL_Driver/Src/stm32f1xx_hal_adc.o
                0x0000000008001054                HAL_ADC_Init
 .text.HAL_ADC_Start_DMA
                0x0000000008001204      0x1bc ./Drivers/STM32F1xx_HAL_Driver/Src/stm32f1xx_hal_adc.o
                0x0000000008001204                HAL_ADC_Start_DMA
 .text.HAL_ADC_Stop_DMA
                0x00000000080013c0       0x96 ./Drivers/STM32F1xx_HAL_Driver/Src/stm32f1xx_hal_adc.o
                0x00000000080013c0                HAL_ADC_Stop_DMA
 .text.HAL_ADC_ConvHalfCpltCallback
                0x0000000008001456       0x12 ./Drivers/STM32F1xx_HAL_Driver/Src/stm32f1xx_hal_adc.o
                0x0000000008001456                HAL_ADC_ConvHalfCpltCallback
 .text.HAL_ADC_ErrorCallback
                0x0000000008001468       0x12 ./Drivers/STM32F1xx_HAL_Driver/Src/stm32f1xx_hal_adc.o
                0x0000000008001468                HAL_ADC_ErrorCallback
 *fill*         0x000000000800147a        0x2 
 .text.HAL_ADC_ConfigChannel
                0x000000000800147c      0x1f0 ./Drivers/STM32F1xx_HAL_Driver/Src/stm32f1xx_hal_adc.o
                0x000000000800147c                HAL_ADC_ConfigChannel
 .text.ADC_Enable
                0x000000000800166c       0xb4 ./Drivers/STM32F1xx_HAL_Driver/Src/stm32f1xx_hal_adc.o
                0x000000000800166c                ADC_Enable
 .text.ADC_ConversionStop_Disable
                0x0000000008001720       0x82 ./Drivers/STM32F1xx_HAL_Driver/Src/stm32f1xx_hal_adc.o
                0x0000000008001720                ADC_ConversionStop_Disable
 .text.ADC_DMAConvCplt
                0x00000000080017a2       0x7c ./Drivers/STM32F1xx_HAL_Driver/Src/stm32f1xx_hal_adc.o
                0x00000000080017a2                ADC_DMAConvCplt
 .text.ADC_DMAHalfConvCplt
                0x000000000800181e       0x1c ./Drivers/STM32F1xx_HAL_Driver/Src/stm32f1xx_hal_adc.o
                0x000000000800181e                ADC_DMAHalfConvCplt
 .text.ADC_DMAError
                0x000000000800183a       0x34 ./Drivers/STM32F1xx_HAL_Driver/Src/stm32f1xx_hal_adc.o
                0x000000000800183a                ADC_DMAError
 *fill*         0x000000000800186e        0x2 
 .text.__NVIC_SetPriorityGrouping
                0x0000000008001870       0x48 ./Drivers/STM32F1xx_HAL_Driver/Src/stm32f1xx_hal_cortex.o
 .text.__NVIC_GetPriorityGrouping
                0x00000000080018b8       0x1c ./Drivers/STM32F1xx_HAL_Driver/Src/stm32f1xx_hal_cortex.o
 .text.__NVIC_EnableIRQ
                0x00000000080018d4       0x38 ./Drivers/STM32F1xx_HAL_Driver/Src/stm32f1xx_hal_cortex.o
 .text.__NVIC_SetPriority
                0x000000000800190c       0x54 ./Drivers/STM32F1xx_HAL_Driver/Src/stm32f1xx_hal_cortex.o
 .text.NVIC_EncodePriority
                0x0000000008001960       0x64 ./Drivers/STM32F1xx_HAL_Driver/Src/stm32f1xx_hal_cortex.o
 .text.SysTick_Config
                0x00000000080019c4       0x44 ./Drivers/STM32F1xx_HAL_Driver/Src/stm32f1xx_hal_cortex.o
 .text.HAL_NVIC_SetPriorityGrouping
                0x0000000008001a08       0x16 ./Drivers/STM32F1xx_HAL_Driver/Src/stm32f1xx_hal_cortex.o
                0x0000000008001a08                HAL_NVIC_SetPriorityGrouping
 .text.HAL_NVIC_SetPriority
                0x0000000008001a1e       0x38 ./Drivers/STM32F1xx_HAL_Driver/Src/stm32f1xx_hal_cortex.o
                0x0000000008001a1e                HAL_NVIC_SetPriority
 .text.HAL_NVIC_EnableIRQ
                0x0000000008001a56       0x1c ./Drivers/STM32F1xx_HAL_Driver/Src/stm32f1xx_hal_cortex.o
                0x0000000008001a56                HAL_NVIC_EnableIRQ
 .text.HAL_SYSTICK_Config
                0x0000000008001a72       0x18 ./Drivers/STM32F1xx_HAL_Driver/Src/stm32f1xx_hal_cortex.o
                0x0000000008001a72                HAL_SYSTICK_Config
 *fill*         0x0000000008001a8a        0x2 
 .text.HAL_DMA_Init
                0x0000000008001a8c       0xb4 ./Drivers/STM32F1xx_HAL_Driver/Src/stm32f1xx_hal_dma.o
                0x0000000008001a8c                HAL_DMA_Init
 .text.HAL_DMA_Start_IT
                0x0000000008001b40       0xbe ./Drivers/STM32F1xx_HAL_Driver/Src/stm32f1xx_hal_dma.o
                0x0000000008001b40                HAL_DMA_Start_IT
 .text.HAL_DMA_Abort
                0x0000000008001bfe       0x74 ./Drivers/STM32F1xx_HAL_Driver/Src/stm32f1xx_hal_dma.o
                0x0000000008001bfe                HAL_DMA_Abort
 *fill*         0x0000000008001c72        0x2 
 .text.HAL_DMA_Abort_IT
                0x0000000008001c74       0xec ./Drivers/STM32F1xx_HAL_Driver/Src/stm32f1xx_hal_dma.o
                0x0000000008001c74                HAL_DMA_Abort_IT
 .text.HAL_DMA_IRQHandler
                0x0000000008001d60      0x20c ./Drivers/STM32F1xx_HAL_Driver/Src/stm32f1xx_hal_dma.o
                0x0000000008001d60                HAL_DMA_IRQHandler
 .text.HAL_DMA_GetState
                0x0000000008001f6c       0x18 ./Drivers/STM32F1xx_HAL_Driver/Src/stm32f1xx_hal_dma.o
                0x0000000008001f6c                HAL_DMA_GetState
 .text.DMA_SetConfig
                0x0000000008001f84       0x5a ./Drivers/STM32F1xx_HAL_Driver/Src/stm32f1xx_hal_dma.o
 *fill*         0x0000000008001fde        0x2 
 .text.HAL_GPIO_Init
                0x0000000008001fe0      0x308 ./Drivers/STM32F1xx_HAL_Driver/Src/stm32f1xx_hal_gpio.o
                0x0000000008001fe0                HAL_GPIO_Init
 .text.HAL_GPIO_ReadPin
                0x00000000080022e8       0x2e ./Drivers/STM32F1xx_HAL_Driver/Src/stm32f1xx_hal_gpio.o
                0x00000000080022e8                HAL_GPIO_ReadPin
 .text.HAL_GPIO_WritePin
                0x0000000008002316       0x30 ./Drivers/STM32F1xx_HAL_Driver/Src/stm32f1xx_hal_gpio.o
                0x0000000008002316                HAL_GPIO_WritePin
 *fill*         0x0000000008002346        0x2 
 .text.HAL_RCC_OscConfig
                0x0000000008002348      0x500 ./Drivers/STM32F1xx_HAL_Driver/Src/stm32f1xx_hal_rcc.o
                0x0000000008002348                HAL_RCC_OscConfig
 .text.HAL_RCC_ClockConfig
                0x0000000008002848      0x1d4 ./Drivers/STM32F1xx_HAL_Driver/Src/stm32f1xx_hal_rcc.o
                0x0000000008002848                HAL_RCC_ClockConfig
 .text.HAL_RCC_GetSysClockFreq
                0x0000000008002a1c       0xc0 ./Drivers/STM32F1xx_HAL_Driver/Src/stm32f1xx_hal_rcc.o
                0x0000000008002a1c                HAL_RCC_GetSysClockFreq
 .text.HAL_RCC_GetHCLKFreq
                0x0000000008002adc       0x14 ./Drivers/STM32F1xx_HAL_Driver/Src/stm32f1xx_hal_rcc.o
                0x0000000008002adc                HAL_RCC_GetHCLKFreq
 .text.HAL_RCC_GetPCLK1Freq
                0x0000000008002af0       0x28 ./Drivers/STM32F1xx_HAL_Driver/Src/stm32f1xx_hal_rcc.o
                0x0000000008002af0                HAL_RCC_GetPCLK1Freq
 .text.HAL_RCC_GetPCLK2Freq
                0x0000000008002b18       0x28 ./Drivers/STM32F1xx_HAL_Driver/Src/stm32f1xx_hal_rcc.o
                0x0000000008002b18                HAL_RCC_GetPCLK2Freq
 .text.RCC_Delay
                0x0000000008002b40       0x3c ./Drivers/STM32F1xx_HAL_Driver/Src/stm32f1xx_hal_rcc.o
 .text.HAL_RCCEx_PeriphCLKConfig
                0x0000000008002b7c      0x16c ./Drivers/STM32F1xx_HAL_Driver/Src/stm32f1xx_hal_rcc_ex.o
                0x0000000008002b7c                HAL_RCCEx_PeriphCLKConfig
 .text.HAL_UART_Init
                0x0000000008002ce8       0x9a ./Drivers/STM32F1xx_HAL_Driver/Src/stm32f1xx_hal_uart.o
                0x0000000008002ce8                HAL_UART_Init
 *fill*         0x0000000008002d82        0x2 
 .text.HAL_UART_Transmit_DMA
                0x0000000008002d84       0xd8 ./Drivers/STM32F1xx_HAL_Driver/Src/stm32f1xx_hal_uart.o
                0x0000000008002d84                HAL_UART_Transmit_DMA
 .text.HAL_UART_Receive_DMA
                0x0000000008002e5c       0x60 ./Drivers/STM32F1xx_HAL_Driver/Src/stm32f1xx_hal_uart.o
                0x0000000008002e5c                HAL_UART_Receive_DMA
 .text.HAL_UART_IRQHandler
                0x0000000008002ebc      0x354 ./Drivers/STM32F1xx_HAL_Driver/Src/stm32f1xx_hal_uart.o
                0x0000000008002ebc                HAL_UART_IRQHandler
 .text.HAL_UART_TxHalfCpltCallback
                0x0000000008003210       0x12 ./Drivers/STM32F1xx_HAL_Driver/Src/stm32f1xx_hal_uart.o
                0x0000000008003210                HAL_UART_TxHalfCpltCallback
 .text.HAL_UART_RxHalfCpltCallback
                0x0000000008003222       0x12 ./Drivers/STM32F1xx_HAL_Driver/Src/stm32f1xx_hal_uart.o
                0x0000000008003222                HAL_UART_RxHalfCpltCallback
 .text.HAL_UART_ErrorCallback
                0x0000000008003234       0x12 ./Drivers/STM32F1xx_HAL_Driver/Src/stm32f1xx_hal_uart.o
                0x0000000008003234                HAL_UART_ErrorCallback
 .text.HAL_UARTEx_RxEventCallback
                0x0000000008003246       0x16 ./Drivers/STM32F1xx_HAL_Driver/Src/stm32f1xx_hal_uart.o
                0x0000000008003246                HAL_UARTEx_RxEventCallback
 .text.UART_DMATransmitCplt
                0x000000000800325c       0x52 ./Drivers/STM32F1xx_HAL_Driver/Src/stm32f1xx_hal_uart.o
 .text.UART_DMATxHalfCplt
                0x00000000080032ae       0x1c ./Drivers/STM32F1xx_HAL_Driver/Src/stm32f1xx_hal_uart.o
 .text.UART_DMAReceiveCplt
                0x00000000080032ca       0x96 ./Drivers/STM32F1xx_HAL_Driver/Src/stm32f1xx_hal_uart.o
 .text.UART_DMARxHalfCplt
                0x0000000008003360       0x36 ./Drivers/STM32F1xx_HAL_Driver/Src/stm32f1xx_hal_uart.o
 .text.UART_DMAError
                0x0000000008003396       0x94 ./Drivers/STM32F1xx_HAL_Driver/Src/stm32f1xx_hal_uart.o
 *fill*         0x000000000800342a        0x2 
 .text.UART_Start_Receive_DMA
                0x000000000800342c       0xc8 ./Drivers/STM32F1xx_HAL_Driver/Src/stm32f1xx_hal_uart.o
                0x000000000800342c                UART_Start_Receive_DMA
 .text.UART_EndTxTransfer
                0x00000000080034f4       0x2a ./Drivers/STM32F1xx_HAL_Driver/Src/stm32f1xx_hal_uart.o
 .text.UART_EndRxTransfer
                0x000000000800351e       0x58 ./Drivers/STM32F1xx_HAL_Driver/Src/stm32f1xx_hal_uart.o
 .text.UART_DMAAbortOnError
                0x0000000008003576       0x28 ./Drivers/STM32F1xx_HAL_Driver/Src/stm32f1xx_hal_uart.o
 .text.UART_Transmit_IT
                0x000000000800359e       0x9e ./Drivers/STM32F1xx_HAL_Driver/Src/stm32f1xx_hal_uart.o
 .text.UART_EndTransmit_IT
                0x000000000800363c       0x30 ./Drivers/STM32F1xx_HAL_Driver/Src/stm32f1xx_hal_uart.o
 .text.UART_Receive_IT
                0x000000000800366c      0x152 ./Drivers/STM32F1xx_HAL_Driver/Src/stm32f1xx_hal_uart.o
 *fill*         0x00000000080037be        0x2 
 .text.UART_SetConfig
                0x00000000080037c0      0x11c ./Drivers/STM32F1xx_HAL_Driver/Src/stm32f1xx_hal_uart.o
 .text.__libc_init_array
                0x00000000080038dc       0x48 c:/st/stm32cubeide_1.7.0/stm32cubeide/plugins/com.st.stm32cube.ide.mcu.externaltools.gnu-tools-for-stm32.9-2020-q2-update.win32_2.0.0.202105311346/tools/bin/../lib/gcc/arm-none-eabi/9.3.1/../../../../arm-none-eabi/lib/thumb/v7-m/nofp\libc_nano.a(lib_a-init.o)
                0x00000000080038dc                __libc_init_array
 .text.memset   0x0000000008003924       0x10 c:/st/stm32cubeide_1.7.0/stm32cubeide/plugins/com.st.stm32cube.ide.mcu.externaltools.gnu-tools-for-stm32.9-2020-q2-update.win32_2.0.0.202105311346/tools/bin/../lib/gcc/arm-none-eabi/9.3.1/../../../../arm-none-eabi/lib/thumb/v7-m/nofp\libc_nano.a(lib_a-memset.o)
                0x0000000008003924                memset
 *(.glue_7)
 .glue_7        0x0000000008003934        0x0 linker stubs
 *(.glue_7t)
 .glue_7t       0x0000000008003934        0x0 linker stubs
 *(.eh_frame)
 .eh_frame      0x0000000008003934        0x0 c:/st/stm32cubeide_1.7.0/stm32cubeide/plugins/com.st.stm32cube.ide.mcu.externaltools.gnu-tools-for-stm32.9-2020-q2-update.win32_2.0.0.202105311346/tools/bin/../lib/gcc/arm-none-eabi/9.3.1/thumb/v7-m/nofp/crtbegin.o
 *(.init)
 .init          0x0000000008003934        0x4 c:/st/stm32cubeide_1.7.0/stm32cubeide/plugins/com.st.stm32cube.ide.mcu.externaltools.gnu-tools-for-stm32.9-2020-q2-update.win32_2.0.0.202105311346/tools/bin/../lib/gcc/arm-none-eabi/9.3.1/thumb/v7-m/nofp/crti.o
                0x0000000008003934                _init
 .init          0x0000000008003938        0x8 c:/st/stm32cubeide_1.7.0/stm32cubeide/plugins/com.st.stm32cube.ide.mcu.externaltools.gnu-tools-for-stm32.9-2020-q2-update.win32_2.0.0.202105311346/tools/bin/../lib/gcc/arm-none-eabi/9.3.1/thumb/v7-m/nofp/crtn.o
 *(.fini)
 .fini          0x0000000008003940        0x4 c:/st/stm32cubeide_1.7.0/stm32cubeide/plugins/com.st.stm32cube.ide.mcu.externaltools.gnu-tools-for-stm32.9-2020-q2-update.win32_2.0.0.202105311346/tools/bin/../lib/gcc/arm-none-eabi/9.3.1/thumb/v7-m/nofp/crti.o
                0x0000000008003940                _fini
 .fini          0x0000000008003944        0x8 c:/st/stm32cubeide_1.7.0/stm32cubeide/plugins/com.st.stm32cube.ide.mcu.externaltools.gnu-tools-for-stm32.9-2020-q2-update.win32_2.0.0.202105311346/tools/bin/../lib/gcc/arm-none-eabi/9.3.1/thumb/v7-m/nofp/crtn.o
                0x000000000800394c                . = ALIGN (0x4)
                0x000000000800394c                _etext = .

.vfp11_veneer   0x000000000800394c        0x0
 .vfp11_veneer  0x000000000800394c        0x0 linker stubs

.v4_bx          0x000000000800394c        0x0
 .v4_bx         0x000000000800394c        0x0 linker stubs

.iplt           0x000000000800394c        0x0
 .iplt          0x000000000800394c        0x0 c:/st/stm32cubeide_1.7.0/stm32cubeide/plugins/com.st.stm32cube.ide.mcu.externaltools.gnu-tools-for-stm32.9-2020-q2-update.win32_2.0.0.202105311346/tools/bin/../lib/gcc/arm-none-eabi/9.3.1/thumb/v7-m/nofp/crtbegin.o

.rodata         0x000000000800394c       0x28
                0x000000000800394c                . = ALIGN (0x4)
 *(.rodata)
 .rodata        0x000000000800394c       0x10 ./Drivers/STM32F1xx_HAL_Driver/Src/stm32f1xx_hal_rcc.o
 *(.rodata*)
 .rodata.AHBPrescTable
                0x000000000800395c       0x10 ./Core/Src/system_stm32f1xx.o
                0x000000000800395c                AHBPrescTable
 .rodata.APBPrescTable
                0x000000000800396c        0x8 ./Core/Src/system_stm32f1xx.o
                0x000000000800396c                APBPrescTable
                0x0000000008003974                . = ALIGN (0x4)

.rel.dyn        0x0000000008003974        0x0
 .rel.iplt      0x0000000008003974        0x0 c:/st/stm32cubeide_1.7.0/stm32cubeide/plugins/com.st.stm32cube.ide.mcu.externaltools.gnu-tools-for-stm32.9-2020-q2-update.win32_2.0.0.202105311346/tools/bin/../lib/gcc/arm-none-eabi/9.3.1/thumb/v7-m/nofp/crtbegin.o

.ARM.extab      0x0000000008003974        0x0
                0x0000000008003974                . = ALIGN (0x4)
 *(.ARM.extab* .gnu.linkonce.armextab.*)
                0x0000000008003974                . = ALIGN (0x4)

.ARM            0x0000000008003974        0x0
                0x0000000008003974                . = ALIGN (0x4)
                0x0000000008003974                __exidx_start = .
 *(.ARM.exidx*)
                0x0000000008003974                __exidx_end = .
                0x0000000008003974                . = ALIGN (0x4)

.preinit_array  0x0000000008003974        0x0
                0x0000000008003974                . = ALIGN (0x4)
                0x0000000008003974                PROVIDE (__preinit_array_start = .)
 *(.preinit_array*)
                0x0000000008003974                PROVIDE (__preinit_array_end = .)
                0x0000000008003974                . = ALIGN (0x4)

.init_array     0x0000000008003974        0x4
                0x0000000008003974                . = ALIGN (0x4)
                0x0000000008003974                PROVIDE (__init_array_start = .)
 *(SORT_BY_NAME(.init_array.*))
 *(.init_array*)
 .init_array    0x0000000008003974        0x4 c:/st/stm32cubeide_1.7.0/stm32cubeide/plugins/com.st.stm32cube.ide.mcu.externaltools.gnu-tools-for-stm32.9-2020-q2-update.win32_2.0.0.202105311346/tools/bin/../lib/gcc/arm-none-eabi/9.3.1/thumb/v7-m/nofp/crtbegin.o
                0x0000000008003978                PROVIDE (__init_array_end = .)
                0x0000000008003978                . = ALIGN (0x4)

.fini_array     0x0000000008003978        0x4
                0x0000000008003978                . = ALIGN (0x4)
                [!provide]                        PROVIDE (__fini_array_start = .)
 *(SORT_BY_NAME(.fini_array.*))
 *(.fini_array*)
 .fini_array    0x0000000008003978        0x4 c:/st/stm32cubeide_1.7.0/stm32cubeide/plugins/com.st.stm32cube.ide.mcu.externaltools.gnu-tools-for-stm32.9-2020-q2-update.win32_2.0.0.202105311346/tools/bin/../lib/gcc/arm-none-eabi/9.3.1/thumb/v7-m/nofp/crtbegin.o
                [!provide]                        PROVIDE (__fini_array_end = .)
                0x000000000800397c                . = ALIGN (0x4)
                0x000000000800397c                _sidata = LOADADDR (.data)

.data           0x0000000020000000       0x54 load address 0x000000000800397c
                0x0000000020000000                . = ALIGN (0x4)
                0x0000000020000000                _sdata = .
 *(.data)
 *(.data*)
 .data.mode_cnt
                0x0000000020000000        0x2 ./Core/Src/main.o
                0x0000000020000000                mode_cnt
 *fill*         0x0000000020000002        0x2 
 .data.usart_struct
                0x0000000020000004       0x36 ./Core/Src/main.o
                0x0000000020000004                usart_struct
 *fill*         0x000000002000003a        0x2 
 .data.sConfig  0x000000002000003c        0xc ./Core/Src/main.o
                0x000000002000003c                sConfig
 .data.SystemCoreClock
                0x0000000020000048        0x4 ./Core/Src/system_stm32f1xx.o
                0x0000000020000048                SystemCoreClock
 .data.uwTickPrio
                0x000000002000004c        0x4 ./Drivers/STM32F1xx_HAL_Driver/Src/stm32f1xx_hal.o
                0x000000002000004c                uwTickPrio
 .data.uwTickFreq
                0x0000000020000050        0x1 ./Drivers/STM32F1xx_HAL_Driver/Src/stm32f1xx_hal.o
                0x0000000020000050                uwTickFreq
 *(.RamFunc)
 *(.RamFunc*)
                0x0000000020000054                . = ALIGN (0x4)
 *fill*         0x0000000020000051        0x3 
                0x0000000020000054                _edata = .

.igot.plt       0x0000000020000054        0x0 load address 0x00000000080039d0
 .igot.plt      0x0000000020000054        0x0 c:/st/stm32cubeide_1.7.0/stm32cubeide/plugins/com.st.stm32cube.ide.mcu.externaltools.gnu-tools-for-stm32.9-2020-q2-update.win32_2.0.0.202105311346/tools/bin/../lib/gcc/arm-none-eabi/9.3.1/thumb/v7-m/nofp/crtbegin.o
                0x0000000020000054                . = ALIGN (0x4)

.bss            0x0000000020000054      0x194 load address 0x00000000080039d0
                0x0000000020000054                _sbss = .
                0x0000000020000054                __bss_start__ = _sbss
 *(.bss)
 .bss           0x0000000020000054       0x1c c:/st/stm32cubeide_1.7.0/stm32cubeide/plugins/com.st.stm32cube.ide.mcu.externaltools.gnu-tools-for-stm32.9-2020-q2-update.win32_2.0.0.202105311346/tools/bin/../lib/gcc/arm-none-eabi/9.3.1/thumb/v7-m/nofp/crtbegin.o
 *(.bss*)
 .bss.SW_cnt    0x0000000020000070        0x2 ./Core/Src/main.o
                0x0000000020000070                SW_cnt
 .bss.uartCmdRx
                0x0000000020000072        0x1 ./Core/Src/main.o
                0x0000000020000072                uartCmdRx
 .bss.uartDataRx
                0x0000000020000073        0x1 ./Core/Src/main.o
                0x0000000020000073                uartDataRx
 .bss.status    0x0000000020000074        0x1 ./Core/Src/main.o
                0x0000000020000074                status
 .bss.data_ready
                0x0000000020000075        0x1 ./Core/Src/main.o
                0x0000000020000075                data_ready
 *(COMMON)
 *fill*         0x0000000020000076        0x2 
 COMMON         0x0000000020000078      0x16c ./Core/Src/main.o
                0x0000000020000078                uartRXData
                0x0000000020000084                hdma_usart1_tx
                0x00000000200000c8                hadc1
                0x00000000200000f8                hdma_usart1_rx
                0x000000002000013c                huart1
                0x0000000020000180                adc_struct
                0x00000000200001a0                hdma_adc1
 COMMON         0x00000000200001e4        0x4 ./Drivers/STM32F1xx_HAL_Driver/Src/stm32f1xx_hal.o
                0x00000000200001e4                uwTick
                0x00000000200001e8                . = ALIGN (0x4)
                0x00000000200001e8                _ebss = .
                0x00000000200001e8                __bss_end__ = _ebss

._user_heap_stack
                0x00000000200001e8      0x600 load address 0x00000000080039d0
                0x00000000200001e8                . = ALIGN (0x8)
                [!provide]                        PROVIDE (end = .)
                0x00000000200001e8                PROVIDE (_end = .)
                0x00000000200003e8                . = (. + _Min_Heap_Size)
 *fill*         0x00000000200001e8      0x200 
                0x00000000200007e8                . = (. + _Min_Stack_Size)
 *fill*         0x00000000200003e8      0x400 
                0x00000000200007e8                . = ALIGN (0x8)

/DISCARD/
 libc.a(*)
 libm.a(*)
 libgcc.a(*)

.ARM.attributes
                0x0000000000000000       0x29
 *(.ARM.attributes)
 .ARM.attributes
                0x0000000000000000       0x1d c:/st/stm32cubeide_1.7.0/stm32cubeide/plugins/com.st.stm32cube.ide.mcu.externaltools.gnu-tools-for-stm32.9-2020-q2-update.win32_2.0.0.202105311346/tools/bin/../lib/gcc/arm-none-eabi/9.3.1/thumb/v7-m/nofp/crti.o
 .ARM.attributes
                0x000000000000001d       0x2d c:/st/stm32cubeide_1.7.0/stm32cubeide/plugins/com.st.stm32cube.ide.mcu.externaltools.gnu-tools-for-stm32.9-2020-q2-update.win32_2.0.0.202105311346/tools/bin/../lib/gcc/arm-none-eabi/9.3.1/thumb/v7-m/nofp/crtbegin.o
 .ARM.attributes
                0x000000000000004a       0x2d ./Core/Src/adc.o
 .ARM.attributes
                0x0000000000000077       0x2d ./Core/Src/main.o
 .ARM.attributes
                0x00000000000000a4       0x2d ./Core/Src/stm32f1xx_hal_msp.o
 .ARM.attributes
                0x00000000000000d1       0x2d ./Core/Src/stm32f1xx_it.o
 .ARM.attributes
                0x00000000000000fe       0x2d ./Core/Src/system_stm32f1xx.o
 .ARM.attributes
                0x000000000000012b       0x2d ./Core/Src/usart.o
 .ARM.attributes
                0x0000000000000158       0x21 ./Core/Startup/startup_stm32f103r8tx.o
 .ARM.attributes
                0x0000000000000179       0x2d ./Drivers/STM32F1xx_HAL_Driver/Src/stm32f1xx_hal.o
 .ARM.attributes
                0x00000000000001a6       0x2d ./Drivers/STM32F1xx_HAL_Driver/Src/stm32f1xx_hal_adc.o
 .ARM.attributes
                0x00000000000001d3       0x2d ./Drivers/STM32F1xx_HAL_Driver/Src/stm32f1xx_hal_cortex.o
 .ARM.attributes
                0x0000000000000200       0x2d ./Drivers/STM32F1xx_HAL_Driver/Src/stm32f1xx_hal_dma.o
 .ARM.attributes
                0x000000000000022d       0x2d ./Drivers/STM32F1xx_HAL_Driver/Src/stm32f1xx_hal_gpio.o
 .ARM.attributes
                0x000000000000025a       0x2d ./Drivers/STM32F1xx_HAL_Driver/Src/stm32f1xx_hal_rcc.o
 .ARM.attributes
                0x0000000000000287       0x2d ./Drivers/STM32F1xx_HAL_Driver/Src/stm32f1xx_hal_rcc_ex.o
 .ARM.attributes
                0x00000000000002b4       0x2d ./Drivers/STM32F1xx_HAL_Driver/Src/stm32f1xx_hal_uart.o
 .ARM.attributes
                0x00000000000002e1       0x2d c:/st/stm32cubeide_1.7.0/stm32cubeide/plugins/com.st.stm32cube.ide.mcu.externaltools.gnu-tools-for-stm32.9-2020-q2-update.win32_2.0.0.202105311346/tools/bin/../lib/gcc/arm-none-eabi/9.3.1/../../../../arm-none-eabi/lib/thumb/v7-m/nofp\libc_nano.a(lib_a-init.o)
 .ARM.attributes
                0x000000000000030e       0x2d c:/st/stm32cubeide_1.7.0/stm32cubeide/plugins/com.st.stm32cube.ide.mcu.externaltools.gnu-tools-for-stm32.9-2020-q2-update.win32_2.0.0.202105311346/tools/bin/../lib/gcc/arm-none-eabi/9.3.1/../../../../arm-none-eabi/lib/thumb/v7-m/nofp\libc_nano.a(lib_a-memset.o)
 .ARM.attributes
                0x000000000000033b       0x1d c:/st/stm32cubeide_1.7.0/stm32cubeide/plugins/com.st.stm32cube.ide.mcu.externaltools.gnu-tools-for-stm32.9-2020-q2-update.win32_2.0.0.202105311346/tools/bin/../lib/gcc/arm-none-eabi/9.3.1/thumb/v7-m/nofp/crtn.o
OUTPUT(test12.elf elf32-littlearm)
LOAD linker stubs
LOAD c:/st/stm32cubeide_1.7.0/stm32cubeide/plugins/com.st.stm32cube.ide.mcu.externaltools.gnu-tools-for-stm32.9-2020-q2-update.win32_2.0.0.202105311346/tools/bin/../lib/gcc/arm-none-eabi/9.3.1/../../../../arm-none-eabi/lib/thumb/v7-m/nofp\libc.a
LOAD c:/st/stm32cubeide_1.7.0/stm32cubeide/plugins/com.st.stm32cube.ide.mcu.externaltools.gnu-tools-for-stm32.9-2020-q2-update.win32_2.0.0.202105311346/tools/bin/../lib/gcc/arm-none-eabi/9.3.1/../../../../arm-none-eabi/lib/thumb/v7-m/nofp\libm.a
LOAD c:/st/stm32cubeide_1.7.0/stm32cubeide/plugins/com.st.stm32cube.ide.mcu.externaltools.gnu-tools-for-stm32.9-2020-q2-update.win32_2.0.0.202105311346/tools/bin/../lib/gcc/arm-none-eabi/9.3.1/thumb/v7-m/nofp\libgcc.a

.debug_info     0x0000000000000000     0x8f2e
 .debug_info    0x0000000000000000      0x806 ./Core/Src/adc.o
 .debug_info    0x0000000000000806     0x14ac ./Core/Src/main.o
 .debug_info    0x0000000000001cb2      0xd27 ./Core/Src/stm32f1xx_hal_msp.o
 .debug_info    0x00000000000029d9      0x73a ./Core/Src/stm32f1xx_it.o
 .debug_info    0x0000000000003113      0x2be ./Core/Src/system_stm32f1xx.o
 .debug_info    0x00000000000033d1      0x881 ./Core/Src/usart.o
 .debug_info    0x0000000000003c52       0x22 ./Core/Startup/startup_stm32f103r8tx.o
 .debug_info    0x0000000000003c74      0x76a ./Drivers/STM32F1xx_HAL_Driver/Src/stm32f1xx_hal.o
 .debug_info    0x00000000000043de      0xd2d ./Drivers/STM32F1xx_HAL_Driver/Src/stm32f1xx_hal_adc.o
 .debug_info    0x000000000000510b      0xbdc ./Drivers/STM32F1xx_HAL_Driver/Src/stm32f1xx_hal_cortex.o
 .debug_info    0x0000000000005ce7      0x81e ./Drivers/STM32F1xx_HAL_Driver/Src/stm32f1xx_hal_dma.o
 .debug_info    0x0000000000006505      0x701 ./Drivers/STM32F1xx_HAL_Driver/Src/stm32f1xx_hal_gpio.o
 .debug_info    0x0000000000006c06      0x88e ./Drivers/STM32F1xx_HAL_Driver/Src/stm32f1xx_hal_rcc.o
 .debug_info    0x0000000000007494      0x480 ./Drivers/STM32F1xx_HAL_Driver/Src/stm32f1xx_hal_rcc_ex.o
 .debug_info    0x0000000000007914     0x161a ./Drivers/STM32F1xx_HAL_Driver/Src/stm32f1xx_hal_uart.o

.debug_abbrev   0x0000000000000000     0x1cb0
 .debug_abbrev  0x0000000000000000      0x1b6 ./Core/Src/adc.o
 .debug_abbrev  0x00000000000001b6      0x2fa ./Core/Src/main.o
 .debug_abbrev  0x00000000000004b0      0x1e2 ./Core/Src/stm32f1xx_hal_msp.o
 .debug_abbrev  0x0000000000000692      0x17d ./Core/Src/stm32f1xx_it.o
 .debug_abbrev  0x000000000000080f      0x14e ./Core/Src/system_stm32f1xx.o
 .debug_abbrev  0x000000000000095d      0x1a5 ./Core/Src/usart.o
 .debug_abbrev  0x0000000000000b02       0x12 ./Core/Startup/startup_stm32f103r8tx.o
 .debug_abbrev  0x0000000000000b14      0x1ed ./Drivers/STM32F1xx_HAL_Driver/Src/stm32f1xx_hal.o
 .debug_abbrev  0x0000000000000d01      0x1fb ./Drivers/STM32F1xx_HAL_Driver/Src/stm32f1xx_hal_adc.o
 .debug_abbrev  0x0000000000000efc      0x313 ./Drivers/STM32F1xx_HAL_Driver/Src/stm32f1xx_hal_cortex.o
 .debug_abbrev  0x000000000000120f      0x228 ./Drivers/STM32F1xx_HAL_Driver/Src/stm32f1xx_hal_dma.o
 .debug_abbrev  0x0000000000001437      0x1e8 ./Drivers/STM32F1xx_HAL_Driver/Src/stm32f1xx_hal_gpio.o
 .debug_abbrev  0x000000000000161f      0x273 ./Drivers/STM32F1xx_HAL_Driver/Src/stm32f1xx_hal_rcc.o
 .debug_abbrev  0x0000000000001892      0x193 ./Drivers/STM32F1xx_HAL_Driver/Src/stm32f1xx_hal_rcc_ex.o
 .debug_abbrev  0x0000000000001a25      0x28b ./Drivers/STM32F1xx_HAL_Driver/Src/stm32f1xx_hal_uart.o

.debug_aranges  0x0000000000000000      0x840
 .debug_aranges
                0x0000000000000000       0x28 ./Core/Src/adc.o
 .debug_aranges
                0x0000000000000028       0x78 ./Core/Src/main.o
 .debug_aranges
                0x00000000000000a0       0x40 ./Core/Src/stm32f1xx_hal_msp.o
 .debug_aranges
                0x00000000000000e0       0x80 ./Core/Src/stm32f1xx_it.o
 .debug_aranges
                0x0000000000000160       0x28 ./Core/Src/system_stm32f1xx.o
 .debug_aranges
                0x0000000000000188       0x28 ./Core/Src/usart.o
 .debug_aranges
                0x00000000000001b0       0x28 ./Core/Startup/startup_stm32f103r8tx.o
 .debug_aranges
                0x00000000000001d8       0xe0 ./Drivers/STM32F1xx_HAL_Driver/Src/stm32f1xx_hal.o
 .debug_aranges
                0x00000000000002b8       0xf0 ./Drivers/STM32F1xx_HAL_Driver/Src/stm32f1xx_hal_adc.o
 .debug_aranges
                0x00000000000003a8      0x100 ./Drivers/STM32F1xx_HAL_Driver/Src/stm32f1xx_hal_cortex.o
 .debug_aranges
                0x00000000000004a8       0x80 ./Drivers/STM32F1xx_HAL_Driver/Src/stm32f1xx_hal_dma.o
 .debug_aranges
                0x0000000000000528       0x58 ./Drivers/STM32F1xx_HAL_Driver/Src/stm32f1xx_hal_gpio.o
 .debug_aranges
                0x0000000000000580       0x90 ./Drivers/STM32F1xx_HAL_Driver/Src/stm32f1xx_hal_rcc.o
 .debug_aranges
                0x0000000000000610       0x30 ./Drivers/STM32F1xx_HAL_Driver/Src/stm32f1xx_hal_rcc_ex.o
 .debug_aranges
                0x0000000000000640      0x200 ./Drivers/STM32F1xx_HAL_Driver/Src/stm32f1xx_hal_uart.o

.debug_ranges   0x0000000000000000      0x788
 .debug_ranges  0x0000000000000000       0x18 ./Core/Src/adc.o
 .debug_ranges  0x0000000000000018       0x68 ./Core/Src/main.o
 .debug_ranges  0x0000000000000080       0x30 ./Core/Src/stm32f1xx_hal_msp.o
 .debug_ranges  0x00000000000000b0       0x70 ./Core/Src/stm32f1xx_it.o
 .debug_ranges  0x0000000000000120       0x18 ./Core/Src/system_stm32f1xx.o
 .debug_ranges  0x0000000000000138       0x18 ./Core/Src/usart.o
 .debug_ranges  0x0000000000000150       0x20 ./Core/Startup/startup_stm32f103r8tx.o
 .debug_ranges  0x0000000000000170       0xd0 ./Drivers/STM32F1xx_HAL_Driver/Src/stm32f1xx_hal.o
 .debug_ranges  0x0000000000000240       0xe0 ./Drivers/STM32F1xx_HAL_Driver/Src/stm32f1xx_hal_adc.o
 .debug_ranges  0x0000000000000320       0xf0 ./Drivers/STM32F1xx_HAL_Driver/Src/stm32f1xx_hal_cortex.o
 .debug_ranges  0x0000000000000410       0x70 ./Drivers/STM32F1xx_HAL_Driver/Src/stm32f1xx_hal_dma.o
 .debug_ranges  0x0000000000000480       0x48 ./Drivers/STM32F1xx_HAL_Driver/Src/stm32f1xx_hal_gpio.o
 .debug_ranges  0x00000000000004c8       0x80 ./Drivers/STM32F1xx_HAL_Driver/Src/stm32f1xx_hal_rcc.o
 .debug_ranges  0x0000000000000548       0x20 ./Drivers/STM32F1xx_HAL_Driver/Src/stm32f1xx_hal_rcc_ex.o
 .debug_ranges  0x0000000000000568      0x220 ./Drivers/STM32F1xx_HAL_Driver/Src/stm32f1xx_hal_uart.o

.debug_macro    0x0000000000000000    0x16cf8
 .debug_macro   0x0000000000000000      0x1b1 ./Core/Src/adc.o
 .debug_macro   0x00000000000001b1      0xa9c ./Core/Src/adc.o
 .debug_macro   0x0000000000000c4d      0x221 ./Core/Src/adc.o
 .debug_macro   0x0000000000000e6e       0x2e ./Core/Src/adc.o
 .debug_macro   0x0000000000000e9c       0x22 ./Core/Src/adc.o
 .debug_macro   0x0000000000000ebe       0x22 ./Core/Src/adc.o
 .debug_macro   0x0000000000000ee0       0x8e ./Core/Src/adc.o
 .debug_macro   0x0000000000000f6e       0x51 ./Core/Src/adc.o
 .debug_macro   0x0000000000000fbf      0x103 ./Core/Src/adc.o
 .debug_macro   0x00000000000010c2       0x6a ./Core/Src/adc.o
 .debug_macro   0x000000000000112c      0x1df ./Core/Src/adc.o
 .debug_macro   0x000000000000130b       0x1c ./Core/Src/adc.o
 .debug_macro   0x0000000000001327       0x22 ./Core/Src/adc.o
 .debug_macro   0x0000000000001349       0xc3 ./Core/Src/adc.o
 .debug_macro   0x000000000000140c      0xd23 ./Core/Src/adc.o
 .debug_macro   0x000000000000212f     0xe09e ./Core/Src/adc.o
 .debug_macro   0x00000000000101cd       0x6d ./Core/Src/adc.o
 .debug_macro   0x000000000001023a     0x3468 ./Core/Src/adc.o
 .debug_macro   0x00000000000136a2      0x174 ./Core/Src/adc.o
 .debug_macro   0x0000000000013816       0x5c ./Core/Src/adc.o
 .debug_macro   0x0000000000013872      0x5be ./Core/Src/adc.o
 .debug_macro   0x0000000000013e30      0x289 ./Core/Src/adc.o
 .debug_macro   0x00000000000140b9      0x1cb ./Core/Src/adc.o
 .debug_macro   0x0000000000014284      0x114 ./Core/Src/adc.o
 .debug_macro   0x0000000000014398      0x1b2 ./Core/Src/adc.o
 .debug_macro   0x000000000001454a       0x27 ./Core/Src/adc.o
 .debug_macro   0x0000000000014571      0x136 ./Core/Src/adc.o
 .debug_macro   0x00000000000146a7      0x1bc ./Core/Src/adc.o
 .debug_macro   0x0000000000014863       0x34 ./Core/Src/adc.o
 .debug_macro   0x0000000000014897       0x3c ./Core/Src/adc.o
 .debug_macro   0x00000000000148d3       0x57 ./Core/Src/adc.o
 .debug_macro   0x000000000001492a      0x46a ./Core/Src/adc.o
 .debug_macro   0x0000000000014d94      0x1b5 ./Core/Src/adc.o
 .debug_macro   0x0000000000014f49       0x88 ./Core/Src/adc.o
 .debug_macro   0x0000000000014fd1      0x241 ./Core/Src/adc.o
 .debug_macro   0x0000000000015212      0x141 ./Core/Src/adc.o
 .debug_macro   0x0000000000015353      0x279 ./Core/Src/adc.o
 .debug_macro   0x00000000000155cc       0x83 ./Core/Src/adc.o
 .debug_macro   0x000000000001564f       0x6a ./Core/Src/adc.o
 .debug_macro   0x00000000000156b9      0x1b1 ./Core/Src/main.o
 .debug_macro   0x000000000001586a      0x1b1 ./Core/Src/stm32f1xx_hal_msp.o
 .debug_macro   0x0000000000015a1b      0x1bb ./Core/Src/stm32f1xx_it.o
 .debug_macro   0x0000000000015bd6      0x1a2 ./Core/Src/system_stm32f1xx.o
 .debug_macro   0x0000000000015d78      0x1b1 ./Core/Src/usart.o
 .debug_macro   0x0000000000015f29      0x1c6 ./Drivers/STM32F1xx_HAL_Driver/Src/stm32f1xx_hal.o
 .debug_macro   0x00000000000160ef      0x1bf ./Drivers/STM32F1xx_HAL_Driver/Src/stm32f1xx_hal_adc.o
 .debug_macro   0x00000000000162ae      0x1a2 ./Drivers/STM32F1xx_HAL_Driver/Src/stm32f1xx_hal_cortex.o
 .debug_macro   0x0000000000016450      0x1a2 ./Drivers/STM32F1xx_HAL_Driver/Src/stm32f1xx_hal_dma.o
 .debug_macro   0x00000000000165f2      0x20d ./Drivers/STM32F1xx_HAL_Driver/Src/stm32f1xx_hal_gpio.o
 .debug_macro   0x00000000000167ff      0x1b4 ./Drivers/STM32F1xx_HAL_Driver/Src/stm32f1xx_hal_rcc.o
 .debug_macro   0x00000000000169b3      0x1a2 ./Drivers/STM32F1xx_HAL_Driver/Src/stm32f1xx_hal_rcc_ex.o
 .debug_macro   0x0000000000016b55      0x1a3 ./Drivers/STM32F1xx_HAL_Driver/Src/stm32f1xx_hal_uart.o

.debug_line     0x0000000000000000     0x9ab0
 .debug_line    0x0000000000000000      0x7a9 ./Core/Src/adc.o
 .debug_line    0x00000000000007a9      0x922 ./Core/Src/main.o
 .debug_line    0x00000000000010cb      0x785 ./Core/Src/stm32f1xx_hal_msp.o
 .debug_line    0x0000000000001850      0x7b1 ./Core/Src/stm32f1xx_it.o
 .debug_line    0x0000000000002001      0x6fb ./Core/Src/system_stm32f1xx.o
 .debug_line    0x00000000000026fc      0x86a ./Core/Src/usart.o
 .debug_line    0x0000000000002f66       0x87 ./Core/Startup/startup_stm32f103r8tx.o
 .debug_line    0x0000000000002fed      0x928 ./Drivers/STM32F1xx_HAL_Driver/Src/stm32f1xx_hal.o
 .debug_line    0x0000000000003915      0xf9f ./Drivers/STM32F1xx_HAL_Driver/Src/stm32f1xx_hal_adc.o
 .debug_line    0x00000000000048b4      0xb10 ./Drivers/STM32F1xx_HAL_Driver/Src/stm32f1xx_hal_cortex.o
 .debug_line    0x00000000000053c4      0xd80 ./Drivers/STM32F1xx_HAL_Driver/Src/stm32f1xx_hal_dma.o
 .debug_line    0x0000000000006144      0x9bf ./Drivers/STM32F1xx_HAL_Driver/Src/stm32f1xx_hal_gpio.o
 .debug_line    0x0000000000006b03      0xd36 ./Drivers/STM32F1xx_HAL_Driver/Src/stm32f1xx_hal_rcc.o
 .debug_line    0x0000000000007839      0x874 ./Drivers/STM32F1xx_HAL_Driver/Src/stm32f1xx_hal_rcc_ex.o
 .debug_line    0x00000000000080ad     0x1a03 ./Drivers/STM32F1xx_HAL_Driver/Src/stm32f1xx_hal_uart.o

.debug_str      0x0000000000000000    0x834d7
 .debug_str     0x0000000000000000    0x8130d ./Core/Src/adc.o
                                      0x816c5 (size before relaxing)
 .debug_str     0x000000000008130d      0x8d6 ./Core/Src/main.o
                                      0x82008 (size before relaxing)
 .debug_str     0x0000000000081be3       0x96 ./Core/Src/stm32f1xx_hal_msp.o
                                      0x81bfc (size before relaxing)
 .debug_str     0x0000000000081c79      0x11a ./Core/Src/stm32f1xx_it.o
                                      0x817d1 (size before relaxing)
 .debug_str     0x0000000000081d93       0x52 ./Core/Src/system_stm32f1xx.o
                                      0x811fc (size before relaxing)
 .debug_str     0x0000000000081de5       0x43 ./Core/Src/usart.o
                                      0x817ab (size before relaxing)
 .debug_str     0x0000000000081e28       0x36 ./Core/Startup/startup_stm32f103r8tx.o
                                         0x59 (size before relaxing)
 .debug_str     0x0000000000081e5e      0x2ec ./Drivers/STM32F1xx_HAL_Driver/Src/stm32f1xx_hal.o
                                      0x8188d (size before relaxing)
 .debug_str     0x000000000008214a      0x343 ./Drivers/STM32F1xx_HAL_Driver/Src/stm32f1xx_hal_adc.o
                                      0x8188c (size before relaxing)
 .debug_str     0x000000000008248d      0x22b ./Drivers/STM32F1xx_HAL_Driver/Src/stm32f1xx_hal_cortex.o
                                      0x81895 (size before relaxing)
 .debug_str     0x00000000000826b8      0x235 ./Drivers/STM32F1xx_HAL_Driver/Src/stm32f1xx_hal_dma.o
                                      0x815d7 (size before relaxing)
 .debug_str     0x00000000000828ed      0x31f ./Drivers/STM32F1xx_HAL_Driver/Src/stm32f1xx_hal_gpio.o
                                      0x815c0 (size before relaxing)
 .debug_str     0x0000000000082c0c      0x24f ./Drivers/STM32F1xx_HAL_Driver/Src/stm32f1xx_hal_rcc.o
                                      0x815f9 (size before relaxing)
 .debug_str     0x0000000000082e5b       0xb9 ./Drivers/STM32F1xx_HAL_Driver/Src/stm32f1xx_hal_rcc_ex.o
                                      0x81386 (size before relaxing)
 .debug_str     0x0000000000082f14      0x5c3 ./Drivers/STM32F1xx_HAL_Driver/Src/stm32f1xx_hal_uart.o
                                      0x81beb (size before relaxing)

.comment        0x0000000000000000       0x53
 .comment       0x0000000000000000       0x53 ./Core/Src/adc.o
                                         0x54 (size before relaxing)
 .comment       0x0000000000000053       0x54 ./Core/Src/main.o
 .comment       0x0000000000000053       0x54 ./Core/Src/stm32f1xx_hal_msp.o
 .comment       0x0000000000000053       0x54 ./Core/Src/stm32f1xx_it.o
 .comment       0x0000000000000053       0x54 ./Core/Src/system_stm32f1xx.o
 .comment       0x0000000000000053       0x54 ./Core/Src/usart.o
 .comment       0x0000000000000053       0x54 ./Drivers/STM32F1xx_HAL_Driver/Src/stm32f1xx_hal.o
 .comment       0x0000000000000053       0x54 ./Drivers/STM32F1xx_HAL_Driver/Src/stm32f1xx_hal_adc.o
 .comment       0x0000000000000053       0x54 ./Drivers/STM32F1xx_HAL_Driver/Src/stm32f1xx_hal_cortex.o
 .comment       0x0000000000000053       0x54 ./Drivers/STM32F1xx_HAL_Driver/Src/stm32f1xx_hal_dma.o
 .comment       0x0000000000000053       0x54 ./Drivers/STM32F1xx_HAL_Driver/Src/stm32f1xx_hal_gpio.o
 .comment       0x0000000000000053       0x54 ./Drivers/STM32F1xx_HAL_Driver/Src/stm32f1xx_hal_rcc.o
 .comment       0x0000000000000053       0x54 ./Drivers/STM32F1xx_HAL_Driver/Src/stm32f1xx_hal_rcc_ex.o
 .comment       0x0000000000000053       0x54 ./Drivers/STM32F1xx_HAL_Driver/Src/stm32f1xx_hal_uart.o

.debug_frame    0x0000000000000000     0x1fc0
 .debug_frame   0x0000000000000000       0x60 ./Core/Src/adc.o
 .debug_frame   0x0000000000000060      0x1b0 ./Core/Src/main.o
 .debug_frame   0x0000000000000210       0xc8 ./Core/Src/stm32f1xx_hal_msp.o
 .debug_frame   0x00000000000002d8      0x174 ./Core/Src/stm32f1xx_it.o
 .debug_frame   0x000000000000044c       0x58 ./Core/Src/system_stm32f1xx.o
 .debug_frame   0x00000000000004a4       0x60 ./Core/Src/usart.o
 .debug_frame   0x0000000000000504      0x334 ./Drivers/STM32F1xx_HAL_Driver/Src/stm32f1xx_hal.o
 .debug_frame   0x0000000000000838      0x40c ./Drivers/STM32F1xx_HAL_Driver/Src/stm32f1xx_hal_adc.o
 .debug_frame   0x0000000000000c44      0x428 ./Drivers/STM32F1xx_HAL_Driver/Src/stm32f1xx_hal_cortex.o
 .debug_frame   0x000000000000106c      0x208 ./Drivers/STM32F1xx_HAL_Driver/Src/stm32f1xx_hal_dma.o
 .debug_frame   0x0000000000001274      0x14c ./Drivers/STM32F1xx_HAL_Driver/Src/stm32f1xx_hal_gpio.o
 .debug_frame   0x00000000000013c0      0x21c ./Drivers/STM32F1xx_HAL_Driver/Src/stm32f1xx_hal_rcc.o
 .debug_frame   0x00000000000015dc       0x84 ./Drivers/STM32F1xx_HAL_Driver/Src/stm32f1xx_hal_rcc_ex.o
 .debug_frame   0x0000000000001660      0x914 ./Drivers/STM32F1xx_HAL_Driver/Src/stm32f1xx_hal_uart.o
 .debug_frame   0x0000000000001f74       0x2c c:/st/stm32cubeide_1.7.0/stm32cubeide/plugins/com.st.stm32cube.ide.mcu.externaltools.gnu-tools-for-stm32.9-2020-q2-update.win32_2.0.0.202105311346/tools/bin/../lib/gcc/arm-none-eabi/9.3.1/../../../../arm-none-eabi/lib/thumb/v7-m/nofp\libc_nano.a(lib_a-init.o)
 .debug_frame   0x0000000000001fa0       0x20 c:/st/stm32cubeide_1.7.0/stm32cubeide/plugins/com.st.stm32cube.ide.mcu.externaltools.gnu-tools-for-stm32.9-2020-q2-update.win32_2.0.0.202105311346/tools/bin/../lib/gcc/arm-none-eabi/9.3.1/../../../../arm-none-eabi/lib/thumb/v7-m/nofp\libc_nano.a(lib_a-memset.o)
