core_cm3.h:1639:22:__NVIC_SetPriority	16	static
core_cm3.h:1834:26:SysTick_Config	16	static
main.c:91:5:main	8	static
main.c:185:6:SystemClock_Config	88	static
main.c:231:13:MX_ADC1_Init	24	static
main.c:276:13:MX_USART1_UART_Init	8	static
main.c:307:13:MX_DMA_Init	16	static
main.c:331:13:MX_GPIO_Init	40	static
main.c:364:6:HAL_ADC_ConvCpltCallback	16	static
main.c:374:6:HAL_UART_RxCpltCallback	16	static
main.c:382:6:HAL_UART_TxCpltCallback	16	static
main.c:396:6:Error_Handler	4	static,ignoring_inline_asm
